Archive member included to satisfy reference by file (symbol)

c:/program files (x86)/atollic/truestudio for stm32 9.3.0/armtools/bin/../lib/gcc/arm-atollic-eabi/6.3.1/../../../../arm-atollic-eabi/lib/armv6-m\libc_nano.a(lib_a-atof.o)
                              Src\gps.o (atof)
c:/program files (x86)/atollic/truestudio for stm32 9.3.0/armtools/bin/../lib/gcc/arm-atollic-eabi/6.3.1/../../../../arm-atollic-eabi/lib/armv6-m\libc_nano.a(lib_a-atoi.o)
                              Src\gps.o (atoi)
c:/program files (x86)/atollic/truestudio for stm32 9.3.0/armtools/bin/../lib/gcc/arm-atollic-eabi/6.3.1/../../../../arm-atollic-eabi/lib/armv6-m\libc_nano.a(lib_a-errno.o)
                              Src\syscalls.o (__errno)
c:/program files (x86)/atollic/truestudio for stm32 9.3.0/armtools/bin/../lib/gcc/arm-atollic-eabi/6.3.1/../../../../arm-atollic-eabi/lib/armv6-m\libc_nano.a(lib_a-impure.o)
                              c:/program files (x86)/atollic/truestudio for stm32 9.3.0/armtools/bin/../lib/gcc/arm-atollic-eabi/6.3.1/../../../../arm-atollic-eabi/lib/armv6-m\libc_nano.a(lib_a-errno.o) (_impure_ptr)
c:/program files (x86)/atollic/truestudio for stm32 9.3.0/armtools/bin/../lib/gcc/arm-atollic-eabi/6.3.1/../../../../arm-atollic-eabi/lib/armv6-m\libc_nano.a(lib_a-init.o)
                              startup\startup_stm32l072xx.o (__libc_init_array)
c:/program files (x86)/atollic/truestudio for stm32 9.3.0/armtools/bin/../lib/gcc/arm-atollic-eabi/6.3.1/../../../../arm-atollic-eabi/lib/armv6-m\libc_nano.a(lib_a-itoa.o)
                              Src\gps.o (itoa)
c:/program files (x86)/atollic/truestudio for stm32 9.3.0/armtools/bin/../lib/gcc/arm-atollic-eabi/6.3.1/../../../../arm-atollic-eabi/lib/armv6-m\libc_nano.a(lib_a-malloc.o)
                              Src\encoder.o (malloc)
c:/program files (x86)/atollic/truestudio for stm32 9.3.0/armtools/bin/../lib/gcc/arm-atollic-eabi/6.3.1/../../../../arm-atollic-eabi/lib/armv6-m\libc_nano.a(lib_a-memcpy-stub.o)
                              Src\encoder.o (memcpy)
c:/program files (x86)/atollic/truestudio for stm32 9.3.0/armtools/bin/../lib/gcc/arm-atollic-eabi/6.3.1/../../../../arm-atollic-eabi/lib/armv6-m\libc_nano.a(lib_a-memset.o)
                              Drivers\STM32L0xx_HAL_Driver\Src\stm32l0xx_hal_rcc.o (memset)
c:/program files (x86)/atollic/truestudio for stm32 9.3.0/armtools/bin/../lib/gcc/arm-atollic-eabi/6.3.1/../../../../arm-atollic-eabi/lib/armv6-m\libc_nano.a(lib_a-nano-freer.o)
                              c:/program files (x86)/atollic/truestudio for stm32 9.3.0/armtools/bin/../lib/gcc/arm-atollic-eabi/6.3.1/../../../../arm-atollic-eabi/lib/armv6-m\libc_nano.a(lib_a-malloc.o) (_free_r)
c:/program files (x86)/atollic/truestudio for stm32 9.3.0/armtools/bin/../lib/gcc/arm-atollic-eabi/6.3.1/../../../../arm-atollic-eabi/lib/armv6-m\libc_nano.a(lib_a-nano-mallocr.o)
                              c:/program files (x86)/atollic/truestudio for stm32 9.3.0/armtools/bin/../lib/gcc/arm-atollic-eabi/6.3.1/../../../../arm-atollic-eabi/lib/armv6-m\libc_nano.a(lib_a-malloc.o) (_malloc_r)
c:/program files (x86)/atollic/truestudio for stm32 9.3.0/armtools/bin/../lib/gcc/arm-atollic-eabi/6.3.1/../../../../arm-atollic-eabi/lib/armv6-m\libc_nano.a(lib_a-sbrkr.o)
                              c:/program files (x86)/atollic/truestudio for stm32 9.3.0/armtools/bin/../lib/gcc/arm-atollic-eabi/6.3.1/../../../../arm-atollic-eabi/lib/armv6-m\libc_nano.a(lib_a-nano-mallocr.o) (_sbrk_r)
c:/program files (x86)/atollic/truestudio for stm32 9.3.0/armtools/bin/../lib/gcc/arm-atollic-eabi/6.3.1/../../../../arm-atollic-eabi/lib/armv6-m\libc_nano.a(lib_a-strcat.o)
                              Src\encoder.o (strcat)
c:/program files (x86)/atollic/truestudio for stm32 9.3.0/armtools/bin/../lib/gcc/arm-atollic-eabi/6.3.1/../../../../arm-atollic-eabi/lib/armv6-m\libc_nano.a(lib_a-strcmp.o)
                              Src\gprs.o (strcmp)
c:/program files (x86)/atollic/truestudio for stm32 9.3.0/armtools/bin/../lib/gcc/arm-atollic-eabi/6.3.1/../../../../arm-atollic-eabi/lib/armv6-m\libc_nano.a(lib_a-strcpy.o)
                              Src\encoder.o (strcpy)
c:/program files (x86)/atollic/truestudio for stm32 9.3.0/armtools/bin/../lib/gcc/arm-atollic-eabi/6.3.1/../../../../arm-atollic-eabi/lib/armv6-m\libc_nano.a(lib_a-strlen.o)
                              Src\encoder.o (strlen)
c:/program files (x86)/atollic/truestudio for stm32 9.3.0/armtools/bin/../lib/gcc/arm-atollic-eabi/6.3.1/../../../../arm-atollic-eabi/lib/armv6-m\libc_nano.a(lib_a-strncpy.o)
                              Src\gprs.o (strncpy)
c:/program files (x86)/atollic/truestudio for stm32 9.3.0/armtools/bin/../lib/gcc/arm-atollic-eabi/6.3.1/../../../../arm-atollic-eabi/lib/armv6-m\libc_nano.a(lib_a-strstr.o)
                              Src\encoder.o (strstr)
[...]
Memory Configuration

Name             Origin             Length             Attributes
RAM              0x20000000         0x00005000         xrw
FLASH            0x08000000         0x00020000         xr
*default*        0x00000000         0xffffffff

Linker script and memory map

LOAD c:/program files (x86)/atollic/truestudio for stm32 9.3.0/armtools/bin/../lib/gcc/arm-atollic-eabi/6.3.1/armv6-m/crti.o
LOAD c:/program files (x86)/atollic/truestudio for stm32 9.3.0/armtools/bin/../lib/gcc/arm-atollic-eabi/6.3.1/armv6-m/crtbegin.o
LOAD Drivers\STM32L0xx_HAL_Driver\Src\stm32l0xx_hal.o
LOAD Drivers\STM32L0xx_HAL_Driver\Src\stm32l0xx_hal_adc.o
LOAD Drivers\STM32L0xx_HAL_Driver\Src\stm32l0xx_hal_adc_ex.o
LOAD Drivers\STM32L0xx_HAL_Driver\Src\stm32l0xx_hal_cortex.o
LOAD Drivers\STM32L0xx_HAL_Driver\Src\stm32l0xx_hal_dma.o
LOAD Drivers\STM32L0xx_HAL_Driver\Src\stm32l0xx_hal_flash.o
LOAD Drivers\STM32L0xx_HAL_Driver\Src\stm32l0xx_hal_flash_ex.o
LOAD Drivers\STM32L0xx_HAL_Driver\Src\stm32l0xx_hal_flash_ramfunc.o
LOAD Drivers\STM32L0xx_HAL_Driver\Src\stm32l0xx_hal_gpio.o
LOAD Drivers\STM32L0xx_HAL_Driver\Src\stm32l0xx_hal_i2c.o
LOAD Drivers\STM32L0xx_HAL_Driver\Src\stm32l0xx_hal_i2c_ex.o
LOAD Drivers\STM32L0xx_HAL_Driver\Src\stm32l0xx_hal_pwr.o
LOAD Drivers\STM32L0xx_HAL_Driver\Src\stm32l0xx_hal_pwr_ex.o
LOAD Drivers\STM32L0xx_HAL_Driver\Src\stm32l0xx_hal_rcc.o
LOAD Drivers\STM32L0xx_HAL_Driver\Src\stm32l0xx_hal_rcc_ex.o
LOAD Drivers\STM32L0xx_HAL_Driver\Src\stm32l0xx_hal_rtc.o
LOAD Drivers\STM32L0xx_HAL_Driver\Src\stm32l0xx_hal_rtc_ex.o
LOAD Drivers\STM32L0xx_HAL_Driver\Src\stm32l0xx_hal_tim.o
LOAD Drivers\STM32L0xx_HAL_Driver\Src\stm32l0xx_hal_tim_ex.o
LOAD Drivers\STM32L0xx_HAL_Driver\Src\stm32l0xx_hal_uart.o
LOAD Drivers\STM32L0xx_HAL_Driver\Src\stm32l0xx_hal_uart_ex.o
LOAD Src\encoder.o
LOAD Src\gprs.o
LOAD Src\gps.o
LOAD Src\lsm303ah_reg.o
LOAD Src\main.o
LOAD Src\program.o
LOAD Src\sen031x.o
LOAD Src\sensors.o
LOAD Src\sigfox.o
LOAD Src\stm32l0xx_hal_msp.o
LOAD Src\stm32l0xx_it.o
LOAD Src\syscalls.o
LOAD Src\system_stm32l0xx.o
LOAD startup\startup_stm32l072xx.o
                0x00000080                malloc_getpagesize_P = 0x80
START GROUP
LOAD c:/program files (x86)/atollic/truestudio for stm32 9.3.0/armtools/bin/../lib/gcc/arm-atollic-eabi/6.3.1/../../../../arm-atollic-eabi/lib/armv6-m\libc_nano.a
LOAD c:/program files (x86)/atollic/truestudio for stm32 9.3.0/armtools/bin/../lib/gcc/arm-atollic-eabi/6.3.1/../../../../arm-atollic-eabi/lib/armv6-m\libm.a
END GROUP
START GROUP
LOAD c:/program files (x86)/atollic/truestudio for stm32 9.3.0/armtools/bin/../lib/gcc/arm-atollic-eabi/6.3.1/armv6-m\libgcc.a
LOAD c:/program files (x86)/atollic/truestudio for stm32 9.3.0/armtools/bin/../lib/gcc/arm-atollic-eabi/6.3.1/../../../../arm-atollic-eabi/lib/armv6-m\libc_nano.a
END GROUP
START GROUP
LOAD c:/program files (x86)/atollic/truestudio for stm32 9.3.0/armtools/bin/../lib/gcc/arm-atollic-eabi/6.3.1/armv6-m\libgcc.a
LOAD c:/program files (x86)/atollic/truestudio for stm32 9.3.0/armtools/bin/../lib/gcc/arm-atollic-eabi/6.3.1/../../../../arm-atollic-eabi/lib/armv6-m\libc_nano.a
LOAD c:/program files (x86)/atollic/truestudio for stm32 9.3.0/armtools/bin/../lib/gcc/arm-atollic-eabi/6.3.1/../../../../arm-atollic-eabi/lib/armv6-m\libnosys.a
END GROUP
START GROUP
LOAD c:/program files (x86)/atollic/truestudio for stm32 9.3.0/armtools/bin/../lib/gcc/arm-atollic-eabi/6.3.1/armv6-m\libgcc.a
LOAD c:/program files (x86)/atollic/truestudio for stm32 9.3.0/armtools/bin/../lib/gcc/arm-atollic-eabi/6.3.1/../../../../arm-atollic-eabi/lib/armv6-m\libc_nano.a
LOAD c:/program files (x86)/atollic/truestudio for stm32 9.3.0/armtools/bin/../lib/gcc/arm-atollic-eabi/6.3.1/../../../../arm-atollic-eabi/lib/armv6-m\libnosys.a
END GROUP
LOAD c:/program files (x86)/atollic/truestudio for stm32 9.3.0/armtools/bin/../lib/gcc/arm-atollic-eabi/6.3.1/armv6-m/crtend.o
LOAD c:/program files (x86)/atollic/truestudio for stm32 9.3.0/armtools/bin/../lib/gcc/arm-atollic-eabi/6.3.1/armv6-m/crtn.o
                0x20005000                _estack = 0x20005000
                0x00000200                _Min_Heap_Size = 0x200
                0x00000400                _Min_Stack_Size = 0x400

.isr_vector     0x08000000       0xc0
                0x08000000                . = ALIGN (0x4)
 *(.isr_vector)
 .isr_vector    0x08000000       0xc0 startup\startup_stm32l072xx.o
                0x08000000                g_pfnVectors
                0x080000c0                . = ALIGN (0x4)

.text           0x080000c0     0x3b20
                0x080000c0                . = ALIGN (0x4)
 *(.text)
 .text          0x080000c0       0x48 c:/program files (x86)/atollic/truestudio for stm32 9.3.0/armtools/bin/../lib/gcc/arm-atollic-eabi/6.3.1/armv6-m/crtbegin.o
 .text          0x08000108       0x14 c:/program files (x86)/atollic/truestudio for stm32 9.3.0/armtools/bin/../lib/gcc/arm-atollic-eabi/6.3.1/../../../../arm-atollic-eabi/lib/armv6-m\libc_nano.a(lib_a-strcmp.o)
                0x08000108                strcmp
 .text          0x0800011c        0xe c:/program files (x86)/atollic/truestudio for stm32 9.3.0/armtools/bin/../lib/gcc/arm-atollic-eabi/6.3.1/../../../../arm-atollic-eabi/lib/armv6-m\libc_nano.a(lib_a-strlen.o)
                0x0800011c                strlen
 *fill*         0x0800012a        0x2 
 .text          0x0800012c       0x14 c:/program files (x86)/atollic/truestudio for stm32 9.3.0/armtools/bin/../lib/gcc/arm-atollic-eabi/6.3.1/armv6-m\libgcc.a(_thumb1_case_uqi.o)
                0x0800012c                __gnu_thumb1_case_uqi
 .text          0x08000140       0x14 c:/program files (x86)/atollic/truestudio for stm32 9.3.0/armtools/bin/../lib/gcc/arm-atollic-eabi/6.3.1/armv6-m\libgcc.a(_thumb1_case_shi.o)
                0x08000140                __gnu_thumb1_case_shi
 .text          0x08000154      0x114 c:/program files (x86)/atollic/truestudio for stm32 9.3.0/armtools/bin/../lib/gcc/arm-atollic-eabi/6.3.1/armv6-m\libgcc.a(_udivsi3.o)
                0x08000154                __aeabi_uidiv
                0x08000154                __udivsi3
                0x08000260                __aeabi_uidivmod
 .text          0x08000268        0x4 c:/program files (x86)/atollic/truestudio for stm32 9.3.0/armtools/bin/../lib/gcc/arm-atollic-eabi/6.3.1/armv6-m\libgcc.a(_dvmd_tls.o)
                0x08000268                __aeabi_idiv0
                0x08000268                __aeabi_ldiv0
 .text          0x0800026c       0x40 c:/program files (x86)/atollic/truestudio for stm32 9.3.0/armtools/bin/../lib/gcc/arm-atollic-eabi/6.3.1/armv6-m\libgcc.a(_aeabi_uldivmod.o)
                0x0800026c                __aeabi_uldivmod
 .text          0x080002ac      0x180 c:/program files (x86)/atollic/truestudio for stm32 9.3.0/armtools/bin/../lib/gcc/arm-atollic-eabi/6.3.1/armv6-m\libgcc.a(_udivmoddi4.o)
                0x080002ac                __udivmoddi4
 .text          0x0800042c       0x3c c:/program files (x86)/atollic/truestudio for stm32 9.3.0/armtools/bin/../lib/gcc/arm-atollic-eabi/6.3.1/armv6-m\libgcc.a(_clzsi2.o)
                0x0800042c                __clzsi2
 .text          0x08000468       0x18 c:/program files (x86)/atollic/truestudio for stm32 9.3.0/armtools/bin/../lib/gcc/arm-atollic-eabi/6.3.1/armv6-m\libgcc.a(_clzdi2.o)
                0x08000468                __clzdi2
 *(.text*)
 .text.HAL_InitTick
                0x08000480       0x30 Drivers\STM32L0xx_HAL_Driver\Src\stm32l0xx_hal.o
                0x08000480                HAL_InitTick
 .text.HAL_Init
                0x080004b0       0x28 Drivers\STM32L0xx_HAL_Driver\Src\stm32l0xx_hal.o
                0x080004b0                HAL_Init
 .text.HAL_IncTick
                0x080004d8       0x10 Drivers\STM32L0xx_HAL_Driver\Src\stm32l0xx_hal.o
                0x080004d8                HAL_IncTick
 .text.HAL_GetTick
                0x080004e8        0xc Drivers\STM32L0xx_HAL_Driver\Src\stm32l0xx_hal.o
                0x080004e8                HAL_GetTick
 .text.HAL_Delay
                0x080004f4       0x1e Drivers\STM32L0xx_HAL_Driver\Src\stm32l0xx_hal.o
                0x080004f4                HAL_Delay
 *fill*         0x08000512        0x2 
 .text.ADC_DelayMicroSecond
                0x08000514       0x2c Drivers\STM32L0xx_HAL_Driver\Src\stm32l0xx_hal_adc.o
 .text.ADC_Enable
                0x08000540       0x70 Drivers\STM32L0xx_HAL_Driver\Src\stm32l0xx_hal_adc.o
 .text.HAL_ADC_Init
                0x080005b0      0x3a0 Drivers\STM32L0xx_HAL_Driver\Src\stm32l0xx_hal_adc.o
                0x080005b0                HAL_ADC_Init
 .text.HAL_ADC_Start_DMA
                0x08000950       0xb0 Drivers\STM32L0xx_HAL_Driver\Src\stm32l0xx_hal_adc.o
                0x08000950                HAL_ADC_Start_DMA
 .text.HAL_ADC_ConvCpltCallback
                0x08000a00        0x2 Drivers\STM32L0xx_HAL_Driver\Src\stm32l0xx_hal_adc.o
                0x08000a00                HAL_ADC_ConvCpltCallback
 *fill*         0x08000a02        0x2 
 .text.ADC_DMAConvCplt
                0x08000a04       0x70 Drivers\STM32L0xx_HAL_Driver\Src\stm32l0xx_hal_adc.o
 .text.HAL_ADC_ConvHalfCpltCallback
                0x08000a74        0x2 Drivers\STM32L0xx_HAL_Driver\Src\stm32l0xx_hal_adc.o
                0x08000a74                HAL_ADC_ConvHalfCpltCallback
 .text.ADC_DMAHalfConvCplt
                0x08000a76        0xa Drivers\STM32L0xx_HAL_Driver\Src\stm32l0xx_hal_adc.o
 .text.HAL_ADC_LevelOutOfWindowCallback
                0x08000a80        0x2 Drivers\STM32L0xx_HAL_Driver\Src\stm32l0xx_hal_adc.o
                0x08000a80                HAL_ADC_LevelOutOfWindowCallback
 .text.HAL_ADC_ErrorCallback
                0x08000a82        0x2 Drivers\STM32L0xx_HAL_Driver\Src\stm32l0xx_hal_adc.o
                0x08000a82                HAL_ADC_ErrorCallback
 .text.ADC_DMAError
                0x08000a84       0x1a Drivers\STM32L0xx_HAL_Driver\Src\stm32l0xx_hal_adc.o
 *fill*         0x08000a9e        0x2 
 .text.HAL_ADC_IRQHandler
                0x08000aa0      0x12c Drivers\STM32L0xx_HAL_Driver\Src\stm32l0xx_hal_adc.o
                0x08000aa0                HAL_ADC_IRQHandler
 .text.HAL_ADC_ConfigChannel
                0x08000bcc      0x198 Drivers\STM32L0xx_HAL_Driver\Src\stm32l0xx_hal_adc.o
                0x08000bcc                HAL_ADC_ConfigChannel
 .text.HAL_NVIC_SetPriority
                0x08000d64       0x74 Drivers\STM32L0xx_HAL_Driver\Src\stm32l0xx_hal_cortex.o
                0x08000d64                HAL_NVIC_SetPriority
 .text.HAL_NVIC_EnableIRQ
                0x08000dd8       0x24 Drivers\STM32L0xx_HAL_Driver\Src\stm32l0xx_hal_cortex.o
                0x08000dd8                HAL_NVIC_EnableIRQ
 .text.HAL_SYSTICK_Config
                0x08000dfc       0x34 Drivers\STM32L0xx_HAL_Driver\Src\stm32l0xx_hal_cortex.o
                0x08000dfc                HAL_SYSTICK_Config
 .text.HAL_DMA_Init
                0x08000e30      0x188 Drivers\STM32L0xx_HAL_Driver\Src\stm32l0xx_hal_dma.o
                0x08000e30                HAL_DMA_Init
 .text.HAL_DMA_Start_IT
                0x08000fb8       0xa0 Drivers\STM32L0xx_HAL_Driver\Src\stm32l0xx_hal_dma.o
                0x08000fb8                HAL_DMA_Start_IT
 .text.HAL_DMA_Abort_IT
                0x08001058       0x4a Drivers\STM32L0xx_HAL_Driver\Src\stm32l0xx_hal_dma.o
                0x08001058                HAL_DMA_Abort_IT
 .text.HAL_DMA_IRQHandler
                0x080010a2       0x96 Drivers\STM32L0xx_HAL_Driver\Src\stm32l0xx_hal_dma.o
                0x080010a2                HAL_DMA_IRQHandler
 .text.HAL_GPIO_Init
                0x08001138      0x26c Drivers\STM32L0xx_HAL_Driver\Src\stm32l0xx_hal_gpio.o
                0x08001138                HAL_GPIO_Init
 .text.HAL_GPIO_WritePin
                0x080013a4       0x84 Drivers\STM32L0xx_HAL_Driver\Src\stm32l0xx_hal_gpio.o
                0x080013a4                HAL_GPIO_WritePin
 .text.HAL_GPIO_EXTI_Callback
                0x08001428        0x2 Drivers\STM32L0xx_HAL_Driver\Src\stm32l0xx_hal_gpio.o
                0x08001428                HAL_GPIO_EXTI_Callback
 *fill*         0x0800142a        0x2 
 .text.HAL_GPIO_EXTI_IRQHandler
                0x0800142c       0x18 Drivers\STM32L0xx_HAL_Driver\Src\stm32l0xx_hal_gpio.o
                0x0800142c                HAL_GPIO_EXTI_IRQHandler
 .text.HAL_I2C_Init
                0x08001444      0x160 Drivers\STM32L0xx_HAL_Driver\Src\stm32l0xx_hal_i2c.o
                0x08001444                HAL_I2C_Init
 .text.HAL_I2CEx_ConfigAnalogFilter
                0x080015a4       0x8c Drivers\STM32L0xx_HAL_Driver\Src\stm32l0xx_hal_i2c_ex.o
                0x080015a4                HAL_I2CEx_ConfigAnalogFilter
 .text.HAL_I2CEx_ConfigDigitalFilter
                0x08001630       0x84 Drivers\STM32L0xx_HAL_Driver\Src\stm32l0xx_hal_i2c_ex.o
                0x08001630                HAL_I2CEx_ConfigDigitalFilter
 .text.HAL_RCC_GetSysClockFreq
                0x080016b4       0x78 Drivers\STM32L0xx_HAL_Driver\Src\stm32l0xx_hal_rcc.o
                0x080016b4                HAL_RCC_GetSysClockFreq
 .text.HAL_RCC_OscConfig
                0x0800172c      0x6bc Drivers\STM32L0xx_HAL_Driver\Src\stm32l0xx_hal_rcc.o
                0x0800172c                HAL_RCC_OscConfig
 .text.HAL_RCC_ClockConfig
                0x08001de8      0x248 Drivers\STM32L0xx_HAL_Driver\Src\stm32l0xx_hal_rcc.o
                0x08001de8                HAL_RCC_ClockConfig
 .text.HAL_RCC_GetPCLK1Freq
                0x08002030       0x20 Drivers\STM32L0xx_HAL_Driver\Src\stm32l0xx_hal_rcc.o
                0x08002030                HAL_RCC_GetPCLK1Freq
 .text.HAL_RCC_GetPCLK2Freq
                0x08002050       0x20 Drivers\STM32L0xx_HAL_Driver\Src\stm32l0xx_hal_rcc.o
                0x08002050                HAL_RCC_GetPCLK2Freq
 .text.HAL_RCCEx_PeriphCLKConfig
                0x08002070      0x290 Drivers\STM32L0xx_HAL_Driver\Src\stm32l0xx_hal_rcc_ex.o
                0x08002070                HAL_RCCEx_PeriphCLKConfig
 .text.HAL_RTC_WaitForSynchro
                0x08002300       0x34 Drivers\STM32L0xx_HAL_Driver\Src\stm32l0xx_hal_rtc.o
                0x08002300                HAL_RTC_WaitForSynchro
 .text.RTC_EnterInitMode
                0x08002334       0x38 Drivers\STM32L0xx_HAL_Driver\Src\stm32l0xx_hal_rtc.o
                0x08002334                RTC_EnterInitMode
 .text.HAL_RTC_Init
                0x0800236c      0x148 Drivers\STM32L0xx_HAL_Driver\Src\stm32l0xx_hal_rtc.o
                0x0800236c                HAL_RTC_Init
 .text.HAL_RTCEx_WakeUpTimerEventCallback
                0x080024b4        0x2 Drivers\STM32L0xx_HAL_Driver\Src\stm32l0xx_hal_rtc_ex.o
                0x080024b4                HAL_RTCEx_WakeUpTimerEventCallback
 *fill*         0x080024b6        0x2 
 .text.HAL_RTCEx_WakeUpTimerIRQHandler
                0x080024b8       0x34 Drivers\STM32L0xx_HAL_Driver\Src\stm32l0xx_hal_rtc_ex.o
                0x080024b8                HAL_RTCEx_WakeUpTimerIRQHandler
 .text.UART_EndRxTransfer
                0x080024ec       0x24 Drivers\STM32L0xx_HAL_Driver\Src\stm32l0xx_hal_uart.o
 .text.UART_TxISR_16BIT
                0x08002510       0x3e Drivers\STM32L0xx_HAL_Driver\Src\stm32l0xx_hal_uart.o
 .text.UART_TxISR_8BIT
                0x0800254e       0x3a Drivers\STM32L0xx_HAL_Driver\Src\stm32l0xx_hal_uart.o
 .text.HAL_UART_Transmit_IT
                0x08002588       0x7c Drivers\STM32L0xx_HAL_Driver\Src\stm32l0xx_hal_uart.o
                0x08002588                HAL_UART_Transmit_IT
 .text.HAL_UART_Receive_IT
                0x08002604       0xc8 Drivers\STM32L0xx_HAL_Driver\Src\stm32l0xx_hal_uart.o
                0x08002604                HAL_UART_Receive_IT
 .text.UART_RxISR_8BIT
                0x080026cc       0x60 Drivers\STM32L0xx_HAL_Driver\Src\stm32l0xx_hal_uart.o
 .text.UART_RxISR_16BIT
                0x0800272c       0x5c Drivers\STM32L0xx_HAL_Driver\Src\stm32l0xx_hal_uart.o
 .text.HAL_UART_ErrorCallback
                0x08002788        0x2 Drivers\STM32L0xx_HAL_Driver\Src\stm32l0xx_hal_uart.o
                0x08002788                HAL_UART_ErrorCallback
 *fill*         0x0800278a        0x2 
 .text.HAL_UART_IRQHandler
                0x0800278c      0x138 Drivers\STM32L0xx_HAL_Driver\Src\stm32l0xx_hal_uart.o
                0x0800278c                HAL_UART_IRQHandler
 .text.UART_DMAAbortOnError
                0x080028c4       0x16 Drivers\STM32L0xx_HAL_Driver\Src\stm32l0xx_hal_uart.o
 *fill*         0x080028da        0x2 
 .text.UART_SetConfig
                0x080028dc      0x348 Drivers\STM32L0xx_HAL_Driver\Src\stm32l0xx_hal_uart.o
                0x080028dc                UART_SetConfig
 .text.UART_AdvFeatureConfig
                0x08002c24      0x1bc Drivers\STM32L0xx_HAL_Driver\Src\stm32l0xx_hal_uart.o
                0x08002c24                UART_AdvFeatureConfig
 .text.UART_WaitOnFlagUntilTimeout
                0x08002de0       0x5c Drivers\STM32L0xx_HAL_Driver\Src\stm32l0xx_hal_uart.o
                0x08002de0                UART_WaitOnFlagUntilTimeout
 .text.HAL_UART_Transmit
                0x08002e3c       0xd2 Drivers\STM32L0xx_HAL_Driver\Src\stm32l0xx_hal_uart.o
                0x08002e3c                HAL_UART_Transmit
 *fill*         0x08002f0e        0x2 
 .text.UART_CheckIdleState
                0x08002f10       0x60 Drivers\STM32L0xx_HAL_Driver\Src\stm32l0xx_hal_uart.o
                0x08002f10                UART_CheckIdleState
 .text.HAL_UART_Init
                0x08002f70       0xd0 Drivers\STM32L0xx_HAL_Driver\Src\stm32l0xx_hal_uart.o
                0x08002f70                HAL_UART_Init
 .text.HAL_UARTEx_WakeupCallback
                0x08003040        0x2 Drivers\STM32L0xx_HAL_Driver\Src\stm32l0xx_hal_uart_ex.o
                0x08003040                HAL_UARTEx_WakeupCallback
 *fill*         0x08003042        0x2 
 .text.fn_send_gprs_command
                0x08003044      0x104 Src\gprs.o
                0x08003044                fn_send_gprs_command
 .text.fn_init_gprs
                0x08003148      0x12c Src\gprs.o
                0x08003148                fn_init_gprs
 .text.HAL_UART_RxCpltCallback
                0x08003274        0xc Src\gprs.o
                0x08003274                HAL_UART_RxCpltCallback
 .text.SystemClock_Config
                0x08003280       0x88 Src\main.o
                0x08003280                SystemClock_Config
 .text.startup.main
                0x08003308      0x39c Src\main.o
                0x08003308                main
 .text.fn_fprint
                0x080036a4       0x48 Src\main.o
                0x080036a4                fn_fprint
 .text.HAL_UART_TxCpltCallback
                0x080036ec        0xc Src\main.o
                0x080036ec                HAL_UART_TxCpltCallback
 .text.Error_Handler
                0x080036f8        0x2 Src\main.o
                0x080036f8                Error_Handler
 .text.assert_failed
                0x080036fa        0x2 Src\main.o
                0x080036fa                assert_failed
 .text.HAL_MspInit
                0x080036fc       0x2c Src\stm32l0xx_hal_msp.o
                0x080036fc                HAL_MspInit
 .text.HAL_ADC_MspInit
                0x08003728       0xa0 Src\stm32l0xx_hal_msp.o
                0x08003728                HAL_ADC_MspInit
 .text.HAL_I2C_MspInit
                0x080037c8       0x64 Src\stm32l0xx_hal_msp.o
                0x080037c8                HAL_I2C_MspInit
 .text.HAL_UART_MspInit
                0x0800382c      0x188 Src\stm32l0xx_hal_msp.o
                0x0800382c                HAL_UART_MspInit
 .text.HAL_RTC_MspInit
                0x080039b4       0x30 Src\stm32l0xx_hal_msp.o
                0x080039b4                HAL_RTC_MspInit
 .text.NMI_Handler
                0x080039e4        0x2 Src\stm32l0xx_it.o
                0x080039e4                NMI_Handler
 .text.HardFault_Handler
                0x080039e6        0x2 Src\stm32l0xx_it.o
                0x080039e6                HardFault_Handler
 .text.SVC_Handler
                0x080039e8        0x2 Src\stm32l0xx_it.o
                0x080039e8                SVC_Handler
 .text.PendSV_Handler
                0x080039ea        0x2 Src\stm32l0xx_it.o
                0x080039ea                PendSV_Handler
 .text.SysTick_Handler
                0x080039ec        0x8 Src\stm32l0xx_it.o
                0x080039ec                SysTick_Handler
 .text.RTC_IRQHandler
                0x080039f4       0x10 Src\stm32l0xx_it.o
                0x080039f4                RTC_IRQHandler
 .text.RCC_CRS_IRQHandler
                0x08003a04        0x2 Src\stm32l0xx_it.o
                0x08003a04                RCC_CRS_IRQHandler
 .text.EXTI0_1_IRQHandler
                0x08003a06       0x10 Src\stm32l0xx_it.o
                0x08003a06                EXTI0_1_IRQHandler
 .text.EXTI4_15_IRQHandler
                0x08003a16       0x14 Src\stm32l0xx_it.o
                0x08003a16                EXTI4_15_IRQHandler
 *fill*         0x08003a2a        0x2 
 .text.DMA1_Channel1_IRQHandler
                0x08003a2c       0x10 Src\stm32l0xx_it.o
                0x08003a2c                DMA1_Channel1_IRQHandler
 .text.ADC1_COMP_IRQHandler
                0x08003a3c       0x10 Src\stm32l0xx_it.o
                0x08003a3c                ADC1_COMP_IRQHandler
 .text.USART4_5_IRQHandler
                0x08003a4c       0x18 Src\stm32l0xx_it.o
                0x08003a4c                USART4_5_IRQHandler
 .text.USART1_IRQHandler
                0x08003a64       0x10 Src\stm32l0xx_it.o
                0x08003a64                USART1_IRQHandler
 .text.USART2_IRQHandler
                0x08003a74       0x10 Src\stm32l0xx_it.o
                0x08003a74                USART2_IRQHandler
 .text.RNG_LPUART1_IRQHandler
                0x08003a84       0x10 Src\stm32l0xx_it.o
                0x08003a84                RNG_LPUART1_IRQHandler
 .text.SystemInit
                0x08003a94       0x5c Src\system_stm32l0xx.o
                0x08003a94                SystemInit
 .text.Reset_Handler
                0x08003af0       0x50 startup\startup_stm32l072xx.o
                0x08003af0                Reset_Handler
 .text.Default_Handler
                0x08003b40        0x2 startup\startup_stm32l072xx.o
                0x08003b40                TSC_IRQHandler
                0x08003b40                PVD_IRQHandler
                0x08003b40                I2C1_IRQHandler
                0x08003b40                SPI1_IRQHandler
                0x08003b40                TIM6_DAC_IRQHandler
                0x08003b40                EXTI2_3_IRQHandler
                0x08003b40                I2C2_IRQHandler
                0x08003b40                DMA1_Channel4_5_6_7_IRQHandler
                0x08003b40                TIM3_IRQHandler
                0x08003b40                Default_Handler
                0x08003b40                TIM22_IRQHandler
                0x08003b40                TIM7_IRQHandler
                0x08003b40                USB_IRQHandler
                0x08003b40                I2C3_IRQHandler
                0x08003b40                SPI2_IRQHandler
                0x08003b40                TIM21_IRQHandler
                0x08003b40                WWDG_IRQHandler
                0x08003b40                TIM2_IRQHandler
                0x08003b40                DMA1_Channel2_3_IRQHandler
                0x08003b40                FLASH_IRQHandler
                0x08003b40                LPTIM1_IRQHandler
 *fill*         0x08003b42        0x2 
 .text.__libc_init_array
                0x08003b44       0x48 c:/program files (x86)/atollic/truestudio for stm32 9.3.0/armtools/bin/../lib/gcc/arm-atollic-eabi/6.3.1/../../../../arm-atollic-eabi/lib/armv6-m\libc_nano.a(lib_a-init.o)
                0x08003b44                __libc_init_array
 .text.memset   0x08003b8c       0x10 c:/program files (x86)/atollic/truestudio for stm32 9.3.0/armtools/bin/../lib/gcc/arm-atollic-eabi/6.3.1/../../../../arm-atollic-eabi/lib/armv6-m\libc_nano.a(lib_a-memset.o)
                0x08003b8c                memset
 .text.strcat   0x08003b9c       0x1a c:/program files (x86)/atollic/truestudio for stm32 9.3.0/armtools/bin/../lib/gcc/arm-atollic-eabi/6.3.1/../../../../arm-atollic-eabi/lib/armv6-m\libc_nano.a(lib_a-strcat.o)
                0x08003b9c                strcat
 .text.strcpy   0x08003bb6       0x10 c:/program files (x86)/atollic/truestudio for stm32 9.3.0/armtools/bin/../lib/gcc/arm-atollic-eabi/6.3.1/../../../../arm-atollic-eabi/lib/armv6-m\libc_nano.a(lib_a-strcpy.o)
                0x08003bb6                strcpy
 *(.glue_7)
 .glue_7        0x08003bc6        0x0 linker stubs
 *(.glue_7t)
 .glue_7t       0x08003bc6        0x0 linker stubs
 *(.eh_frame)
 *fill*         0x08003bc6        0x2 
 .eh_frame      0x08003bc8        0x0 c:/program files (x86)/atollic/truestudio for stm32 9.3.0/armtools/bin/../lib/gcc/arm-atollic-eabi/6.3.1/armv6-m/crtbegin.o
 *(.init)
 .init          0x08003bc8        0x4 c:/program files (x86)/atollic/truestudio for stm32 9.3.0/armtools/bin/../lib/gcc/arm-atollic-eabi/6.3.1/armv6-m/crti.o
                0x08003bc8                _init
 .init          0x08003bcc        0x8 c:/program files (x86)/atollic/truestudio for stm32 9.3.0/armtools/bin/../lib/gcc/arm-atollic-eabi/6.3.1/armv6-m/crtn.o
 *(.fini)
 .fini          0x08003bd4        0x4 c:/program files (x86)/atollic/truestudio for stm32 9.3.0/armtools/bin/../lib/gcc/arm-atollic-eabi/6.3.1/armv6-m/crti.o
                0x08003bd4                _fini
 .fini          0x08003bd8        0x8 c:/program files (x86)/atollic/truestudio for stm32 9.3.0/armtools/bin/../lib/gcc/arm-atollic-eabi/6.3.1/armv6-m/crtn.o
                0x08003be0                . = ALIGN (0x4)
                0x08003be0                _etext = .

.vfp11_veneer   0x08003be0        0x0
 .vfp11_veneer  0x08003be0        0x0 linker stubs

.v4_bx          0x08003be0        0x0
 .v4_bx         0x08003be0        0x0 linker stubs

.iplt           0x08003be0        0x0
 .iplt          0x08003be0        0x0 c:/program files (x86)/atollic/truestudio for stm32 9.3.0/armtools/bin/../lib/gcc/arm-atollic-eabi/6.3.1/armv6-m/crtbegin.o

.rodata         0x08003be0      0x40c
                0x08003be0                . = ALIGN (0x4)
 *(.rodata)
 .rodata        0x08003be0        0x4 Src\gprs.o
 *(.rodata*)
 .rodata.ADC_ConversionStop.str1.1
                0x08003be4       0x38 Drivers\STM32L0xx_HAL_Driver\Src\stm32l0xx_hal_adc.o
 .rodata.HAL_NVIC_SetPriority.str1.1
                0x08003c1c       0x3b Drivers\STM32L0xx_HAL_Driver\Src\stm32l0xx_hal_cortex.o
 .rodata.HAL_DMA_Init.str1.1
                0x08003c57       0x38 Drivers\STM32L0xx_HAL_Driver\Src\stm32l0xx_hal_dma.o
 .rodata.HAL_GPIO_Init.str1.1
                0x08003c8f       0x39 Drivers\STM32L0xx_HAL_Driver\Src\stm32l0xx_hal_gpio.o
 .rodata.I2C_TransferConfig.str1.1
                0x08003cc8       0x38 Drivers\STM32L0xx_HAL_Driver\Src\stm32l0xx_hal_i2c.o
 .rodata.HAL_I2CEx_ConfigAnalogFilter.str1.1
                0x08003d00       0x3b Drivers\STM32L0xx_HAL_Driver\Src\stm32l0xx_hal_i2c_ex.o
 .rodata.HAL_RCC_MCOConfig.str1.1
                0x08003d3b       0x38 Drivers\STM32L0xx_HAL_Driver\Src\stm32l0xx_hal_rcc.o
 .rodata.HAL_RCCEx_PeriphCLKConfig.str1.1
                0x08003d73       0x3b Drivers\STM32L0xx_HAL_Driver\Src\stm32l0xx_hal_rcc_ex.o
 .rodata.HAL_RTC_DeactivateAlarm.str1.1
                0x08003dae       0x38 Drivers\STM32L0xx_HAL_Driver\Src\stm32l0xx_hal_rtc.o
 .rodata.CSWTCH.55
                0x08003de6        0x4 Drivers\STM32L0xx_HAL_Driver\Src\stm32l0xx_hal_uart.o
 .rodata.CSWTCH.56
                0x08003dea        0xd Drivers\STM32L0xx_HAL_Driver\Src\stm32l0xx_hal_uart.o
 .rodata.HAL_UART_DeInit.str1.1
                0x08003df7       0x39 Drivers\STM32L0xx_HAL_Driver\Src\stm32l0xx_hal_uart.o
 .rodata.fn_init_gprs.str1.1
                0x08003e30      0x18d Src\gprs.o
 .rodata.fn_send_gprs_command.str1.1
                0x08003fbd        0xb Src\gprs.o
 .rodata.AHBPrescTable
                0x08003fc8       0x10 Src\system_stm32l0xx.o
                0x08003fc8                AHBPrescTable
 .rodata.APBPrescTable
                0x08003fd8        0x8 Src\system_stm32l0xx.o
                0x08003fd8                APBPrescTable
 .rodata.PLLMulTable
                0x08003fe0        0x9 Src\system_stm32l0xx.o
                0x08003fe0                PLLMulTable
                0x08003fec                . = ALIGN (0x4)
 *fill*         0x08003fe9        0x3 

.ARM.extab
 *(.ARM.extab* .gnu.linkonce.armextab.*)

.ARM            0x08003fec        0x8
                0x08003fec                __exidx_start = .
 *(.ARM.exidx*)
 .ARM.exidx     0x08003fec        0x8 c:/program files (x86)/atollic/truestudio for stm32 9.3.0/armtools/bin/../lib/gcc/arm-atollic-eabi/6.3.1/armv6-m\libgcc.a(_udivmoddi4.o)
                0x08003ff4                __exidx_end = .

.rel.dyn        0x08003ff4        0x0
 .rel.iplt      0x08003ff4        0x0 c:/program files (x86)/atollic/truestudio for stm32 9.3.0/armtools/bin/../lib/gcc/arm-atollic-eabi/6.3.1/armv6-m/crtbegin.o

.preinit_array  0x08003ff4        0x0
                0x08003ff4                PROVIDE (__preinit_array_start, .)
 *(.preinit_array*)
                0x08003ff4                PROVIDE (__preinit_array_end, .)

.init_array     0x08003ff4        0x4
                0x08003ff4                PROVIDE (__init_array_start, .)
 *(SORT(.init_array.*))
 *(.init_array*)
 .init_array    0x08003ff4        0x4 c:/program files (x86)/atollic/truestudio for stm32 9.3.0/armtools/bin/../lib/gcc/arm-atollic-eabi/6.3.1/armv6-m/crtbegin.o
                0x08003ff8                PROVIDE (__init_array_end, .)

.fini_array     0x08003ff8        0x4
                [!provide]                PROVIDE (__fini_array_start, .)
 *(SORT(.fini_array.*))
 *(.fini_array*)
 .fini_array    0x08003ff8        0x4 c:/program files (x86)/atollic/truestudio for stm32 9.3.0/armtools/bin/../lib/gcc/arm-atollic-eabi/6.3.1/armv6-m/crtbegin.o
                [!provide]                PROVIDE (__fini_array_end, .)
                0x08003ffc                _sidata = LOADADDR (.data)

.data           0x20000000        0x4 load address 0x08003ffc
                0x20000000                . = ALIGN (0x4)
                0x20000000                _sdata = .
 *(.data)
 *(.data*)
 .data.SystemCoreClock
                0x20000000        0x4 Src\system_stm32l0xx.o
                0x20000000                SystemCoreClock
                0x20000004                . = ALIGN (0x4)
                0x20000004                _edata = .

.igot.plt       0x20000004        0x0 load address 0x08004000
 .igot.plt      0x20000004        0x0 c:/program files (x86)/atollic/truestudio for stm32 9.3.0/armtools/bin/../lib/gcc/arm-atollic-eabi/6.3.1/armv6-m/crtbegin.o
                0x20000004                . = ALIGN (0x4)

.bss            0x20000004      0xccc load address 0x08004000
                0x20000004                _sbss = .
                0x20000004                __bss_start__ = _sbss
 *(.bss)
 .bss           0x20000004       0x1c c:/program files (x86)/atollic/truestudio for stm32 9.3.0/armtools/bin/../lib/gcc/arm-atollic-eabi/6.3.1/armv6-m/crtbegin.o
 *(.bss*)
 *(COMMON)
 COMMON         0x20000020        0x4 Drivers\STM32L0xx_HAL_Driver\Src\stm32l0xx_hal.o
                0x20000020                uwTick
 COMMON         0x20000024      0x240 Src\encoder.o
                0x20000024                st_data_sensor_previwes_e
                0x20000044                st_data_sensor_e
                0x20000064                temperature_degC
                0x20000068                st_timers
                0x20000080                st_sigfox_parameters
                0x200000b0                st_stm_adc_variables
                0x200000b8                UartReady
                0x200000bc                st_gps_data_current
                0x200000e0                int_temp_sigfox
                0x200000e4                st_gps_data_previous
                0x20000108                huart1
                0x20000188                st_accelerometer
                0x2000019c                int_volt_sigfox
                0x200001a0                st_sigfox_frame
                0x200001d0                huart2
                0x20000250                st_magnetometer
                0x20000258                value
 COMMON         0x20000264      0x8d5 Src\gprs.o
                0x20000264                attempts
                0x20000268                hlpuart1
                0x200002e8                nn_com
                0x200006d0                huart5
                0x20000750                byteGSM
                0x20000b38                byte
 *fill*         0x20000b39        0x3 
 COMMON         0x20000b3c       0x4c Src\lsm303ah_reg.o
                0x20000b3c                hi2c1
 COMMON         0x20000b88      0x148 Src\main.o
                0x20000b88                hrtc
                0x20000bac                huart4
                0x20000c2c                hdma_adc
                0x20000c74                hadc
                0x20000cd0                . = ALIGN (0x4)
                0x20000cd0                _ebss = .
                0x20000cd0                __bss_end__ = _ebss

._user_heap_stack
                0x20000cd0      0x600 load address 0x08004000
                0x20000cd0                . = ALIGN (0x4)
                0x20000cd0                PROVIDE (end, .)
                [!provide]                PROVIDE (_end, .)
                0x20000ed0                . = (. + _Min_Heap_Size)
 *fill*         0x20000cd0      0x200 
                0x200012d0                . = (. + _Min_Stack_Size)
 *fill*         0x20000ed0      0x400 
                0x200012d0                . = ALIGN (0x4)

/DISCARD/
 libc.a(*)
 libm.a(*)
 libgcc.a(*)

.ARM.attributes
                0x00000000       0x28
 *(.ARM.attributes)
 .ARM.attributes
                0x00000000       0x1e c:/program files (x86)/atollic/truestudio for stm32 9.3.0/armtools/bin/../lib/gcc/arm-atollic-eabi/6.3.1/armv6-m/crti.o
 .ARM.attributes
                0x0000001e       0x2c c:/program files (x86)/atollic/truestudio for stm32 9.3.0/armtools/bin/../lib/gcc/arm-atollic-eabi/6.3.1/armv6-m/crtbegin.o
 .ARM.attributes
                0x0000004a       0x32 Drivers\STM32L0xx_HAL_Driver\Src\stm32l0xx_hal.o
 .ARM.attributes
                0x0000007c       0x32 Drivers\STM32L0xx_HAL_Driver\Src\stm32l0xx_hal_adc.o
 .ARM.attributes
                0x000000ae       0x32 Drivers\STM32L0xx_HAL_Driver\Src\stm32l0xx_hal_cortex.o
 .ARM.attributes
                0x000000e0       0x32 Drivers\STM32L0xx_HAL_Driver\Src\stm32l0xx_hal_dma.o
 .ARM.attributes
                0x00000112       0x32 Drivers\STM32L0xx_HAL_Driver\Src\stm32l0xx_hal_gpio.o
 .ARM.attributes
                0x00000144       0x32 Drivers\STM32L0xx_HAL_Driver\Src\stm32l0xx_hal_i2c.o
 .ARM.attributes
                0x00000176       0x32 Drivers\STM32L0xx_HAL_Driver\Src\stm32l0xx_hal_i2c_ex.o
 .ARM.attributes
                0x000001a8       0x32 Drivers\STM32L0xx_HAL_Driver\Src\stm32l0xx_hal_rcc.o
 .ARM.attributes
                0x000001da       0x32 Drivers\STM32L0xx_HAL_Driver\Src\stm32l0xx_hal_rcc_ex.o
 .ARM.attributes
                0x0000020c       0x32 Drivers\STM32L0xx_HAL_Driver\Src\stm32l0xx_hal_rtc.o
 .ARM.attributes
                0x0000023e       0x32 Drivers\STM32L0xx_HAL_Driver\Src\stm32l0xx_hal_rtc_ex.o
 .ARM.attributes
                0x00000270       0x32 Drivers\STM32L0xx_HAL_Driver\Src\stm32l0xx_hal_uart.o
 .ARM.attributes
                0x000002a2       0x32 Drivers\STM32L0xx_HAL_Driver\Src\stm32l0xx_hal_uart_ex.o
 .ARM.attributes
                0x000002d4       0x32 Src\encoder.o
 .ARM.attributes
                0x00000306       0x32 Src\gprs.o
 .ARM.attributes
                0x00000338       0x32 Src\lsm303ah_reg.o
 .ARM.attributes
                0x0000036a       0x32 Src\main.o
 .ARM.attributes
                0x0000039c       0x32 Src\stm32l0xx_hal_msp.o
 .ARM.attributes
                0x000003ce       0x32 Src\stm32l0xx_it.o
 .ARM.attributes
                0x00000400       0x32 Src\system_stm32l0xx.o
 .ARM.attributes
                0x00000432       0x22 startup\startup_stm32l072xx.o
 .ARM.attributes
                0x00000454       0x2c c:/program files (x86)/atollic/truestudio for stm32 9.3.0/armtools/bin/../lib/gcc/arm-atollic-eabi/6.3.1/../../../../arm-atollic-eabi/lib/armv6-m\libc_nano.a(lib_a-init.o)
 .ARM.attributes
                0x00000480       0x2c c:/program files (x86)/atollic/truestudio for stm32 9.3.0/armtools/bin/../lib/gcc/arm-atollic-eabi/6.3.1/../../../../arm-atollic-eabi/lib/armv6-m\libc_nano.a(lib_a-memset.o)
 .ARM.attributes
                0x000004ac       0x2c c:/program files (x86)/atollic/truestudio for stm32 9.3.0/armtools/bin/../lib/gcc/arm-atollic-eabi/6.3.1/../../../../arm-atollic-eabi/lib/armv6-m\libc_nano.a(lib_a-strcat.o)
 .ARM.attributes
                0x000004d8       0x1c c:/program files (x86)/atollic/truestudio for stm32 9.3.0/armtools/bin/../lib/gcc/arm-atollic-eabi/6.3.1/../../../../arm-atollic-eabi/lib/armv6-m\libc_nano.a(lib_a-strcmp.o)
 .ARM.attributes
                0x000004f4       0x2c c:/program files (x86)/atollic/truestudio for stm32 9.3.0/armtools/bin/../lib/gcc/arm-atollic-eabi/6.3.1/../../../../arm-atollic-eabi/lib/armv6-m\libc_nano.a(lib_a-strcpy.o)
 .ARM.attributes
                0x00000520       0x1c c:/program files (x86)/atollic/truestudio for stm32 9.3.0/armtools/bin/../lib/gcc/arm-atollic-eabi/6.3.1/../../../../arm-atollic-eabi/lib/armv6-m\libc_nano.a(lib_a-strlen.o)
 .ARM.attributes
                0x0000053c       0x1e c:/program files (x86)/atollic/truestudio for stm32 9.3.0/armtools/bin/../lib/gcc/arm-atollic-eabi/6.3.1/armv6-m\libgcc.a(_thumb1_case_uqi.o)
 .ARM.attributes
                0x0000055a       0x1e c:/program files (x86)/atollic/truestudio for stm32 9.3.0/armtools/bin/../lib/gcc/arm-atollic-eabi/6.3.1/armv6-m\libgcc.a(_thumb1_case_shi.o)
 .ARM.attributes
                0x00000578       0x1e c:/program files (x86)/atollic/truestudio for stm32 9.3.0/armtools/bin/../lib/gcc/arm-atollic-eabi/6.3.1/armv6-m\libgcc.a(_udivsi3.o)
 .ARM.attributes
                0x00000596       0x1e c:/program files (x86)/atollic/truestudio for stm32 9.3.0/armtools/bin/../lib/gcc/arm-atollic-eabi/6.3.1/armv6-m\libgcc.a(_dvmd_tls.o)
 .ARM.attributes
                0x000005b4       0x1e c:/program files (x86)/atollic/truestudio for stm32 9.3.0/armtools/bin/../lib/gcc/arm-atollic-eabi/6.3.1/armv6-m\libgcc.a(_aeabi_uldivmod.o)
 .ARM.attributes
                0x000005d2       0x2c c:/program files (x86)/atollic/truestudio for stm32 9.3.0/armtools/bin/../lib/gcc/arm-atollic-eabi/6.3.1/armv6-m\libgcc.a(_udivmoddi4.o)
 .ARM.attributes
                0x000005fe       0x1e c:/program files (x86)/atollic/truestudio for stm32 9.3.0/armtools/bin/../lib/gcc/arm-atollic-eabi/6.3.1/armv6-m\libgcc.a(_clzsi2.o)
 .ARM.attributes
                0x0000061c       0x1e c:/program files (x86)/atollic/truestudio for stm32 9.3.0/armtools/bin/../lib/gcc/arm-atollic-eabi/6.3.1/armv6-m\libgcc.a(_clzdi2.o)
 .ARM.attributes
                0x0000063a       0x1e c:/program files (x86)/atollic/truestudio for stm32 9.3.0/armtools/bin/../lib/gcc/arm-atollic-eabi/6.3.1/armv6-m/crtn.o
OUTPUT(gprs.elf elf32-littlearm)

.debug_info     0x00000000    0x21f89
 .debug_info    0x00000000      0x902 Drivers\STM32L0xx_HAL_Driver\Src\stm32l0xx_hal.o
 .debug_info    0x00000902     0x1498 Drivers\STM32L0xx_HAL_Driver\Src\stm32l0xx_hal_adc.o
 .debug_info    0x00001d9a      0xb66 Drivers\STM32L0xx_HAL_Driver\Src\stm32l0xx_hal_cortex.o
 .debug_info    0x00002900      0x979 Drivers\STM32L0xx_HAL_Driver\Src\stm32l0xx_hal_dma.o
 .debug_info    0x00003279      0x83e Drivers\STM32L0xx_HAL_Driver\Src\stm32l0xx_hal_gpio.o
 .debug_info    0x00003ab7     0x3b41 Drivers\STM32L0xx_HAL_Driver\Src\stm32l0xx_hal_i2c.o
 .debug_info    0x000075f8      0x9d1 Drivers\STM32L0xx_HAL_Driver\Src\stm32l0xx_hal_i2c_ex.o
 .debug_info    0x00007fc9      0xf86 Drivers\STM32L0xx_HAL_Driver\Src\stm32l0xx_hal_rcc.o
 .debug_info    0x00008f4f      0xac4 Drivers\STM32L0xx_HAL_Driver\Src\stm32l0xx_hal_rcc_ex.o
 .debug_info    0x00009a13     0x1585 Drivers\STM32L0xx_HAL_Driver\Src\stm32l0xx_hal_rtc.o
 .debug_info    0x0000af98     0x142d Drivers\STM32L0xx_HAL_Driver\Src\stm32l0xx_hal_rtc_ex.o
 .debug_info    0x0000c3c5     0x1e5f Drivers\STM32L0xx_HAL_Driver\Src\stm32l0xx_hal_uart.o
 .debug_info    0x0000e224      0xa72 Drivers\STM32L0xx_HAL_Driver\Src\stm32l0xx_hal_uart_ex.o
 .debug_info    0x0000ec96     0x1c69 Src\encoder.o
 .debug_info    0x000108ff     0x1bdc Src\gprs.o
 .debug_info    0x000124db     0x8dbf Src\lsm303ah_reg.o
 .debug_info    0x0001b29a     0x2c0b Src\main.o
 .debug_info    0x0001dea5     0x22d8 Src\stm32l0xx_hal_msp.o
 .debug_info    0x0002017d     0x19ea Src\stm32l0xx_it.o
 .debug_info    0x00021b67      0x398 Src\system_stm32l0xx.o
 .debug_info    0x00021eff       0x8a startup\startup_stm32l072xx.o

.debug_abbrev   0x00000000     0x3447
 .debug_abbrev  0x00000000      0x28e Drivers\STM32L0xx_HAL_Driver\Src\stm32l0xx_hal.o
 .debug_abbrev  0x0000028e      0x2a5 Drivers\STM32L0xx_HAL_Driver\Src\stm32l0xx_hal_adc.o
 .debug_abbrev  0x00000533      0x29d Drivers\STM32L0xx_HAL_Driver\Src\stm32l0xx_hal_cortex.o
 .debug_abbrev  0x000007d0      0x218 Drivers\STM32L0xx_HAL_Driver\Src\stm32l0xx_hal_dma.o
 .debug_abbrev  0x000009e8      0x1ff Drivers\STM32L0xx_HAL_Driver\Src\stm32l0xx_hal_gpio.o
 .debug_abbrev  0x00000be7      0x334 Drivers\STM32L0xx_HAL_Driver\Src\stm32l0xx_hal_i2c.o
 .debug_abbrev  0x00000f1b      0x1c6 Drivers\STM32L0xx_HAL_Driver\Src\stm32l0xx_hal_i2c_ex.o
 .debug_abbrev  0x000010e1      0x2af Drivers\STM32L0xx_HAL_Driver\Src\stm32l0xx_hal_rcc.o
 .debug_abbrev  0x00001390      0x250 Drivers\STM32L0xx_HAL_Driver\Src\stm32l0xx_hal_rcc_ex.o
 .debug_abbrev  0x000015e0      0x208 Drivers\STM32L0xx_HAL_Driver\Src\stm32l0xx_hal_rtc.o
 .debug_abbrev  0x000017e8      0x224 Drivers\STM32L0xx_HAL_Driver\Src\stm32l0xx_hal_rtc_ex.o
 .debug_abbrev  0x00001a0c      0x321 Drivers\STM32L0xx_HAL_Driver\Src\stm32l0xx_hal_uart.o
 .debug_abbrev  0x00001d2d      0x23f Drivers\STM32L0xx_HAL_Driver\Src\stm32l0xx_hal_uart_ex.o
 .debug_abbrev  0x00001f6c      0x39d Src\encoder.o
 .debug_abbrev  0x00002309      0x2e8 Src\gprs.o
 .debug_abbrev  0x000025f1      0x46c Src\lsm303ah_reg.o
 .debug_abbrev  0x00002a5d      0x3c5 Src\main.o
 .debug_abbrev  0x00002e22      0x290 Src\stm32l0xx_hal_msp.o
 .debug_abbrev  0x000030b2      0x275 Src\stm32l0xx_it.o
 .debug_abbrev  0x00003327      0x10e Src\system_stm32l0xx.o
 .debug_abbrev  0x00003435       0x12 startup\startup_stm32l072xx.o

.debug_loc      0x00000000     0xe47d
 .debug_loc     0x00000000      0x17f Drivers\STM32L0xx_HAL_Driver\Src\stm32l0xx_hal.o
 .debug_loc     0x0000017f      0xa59 Drivers\STM32L0xx_HAL_Driver\Src\stm32l0xx_hal_adc.o
 .debug_loc     0x00000bd8      0x3f4 Drivers\STM32L0xx_HAL_Driver\Src\stm32l0xx_hal_cortex.o
 .debug_loc     0x00000fcc      0x795 Drivers\STM32L0xx_HAL_Driver\Src\stm32l0xx_hal_dma.o
 .debug_loc     0x00001761      0x586 Drivers\STM32L0xx_HAL_Driver\Src\stm32l0xx_hal_gpio.o
 .debug_loc     0x00001ce7     0x38c9 Drivers\STM32L0xx_HAL_Driver\Src\stm32l0xx_hal_i2c.o
 .debug_loc     0x000055b0      0x1ee Drivers\STM32L0xx_HAL_Driver\Src\stm32l0xx_hal_i2c_ex.o
 .debug_loc     0x0000579e      0x5c6 Drivers\STM32L0xx_HAL_Driver\Src\stm32l0xx_hal_rcc.o
 .debug_loc     0x00005d64      0x50e Drivers\STM32L0xx_HAL_Driver\Src\stm32l0xx_hal_rcc_ex.o
 .debug_loc     0x00006272      0xb23 Drivers\STM32L0xx_HAL_Driver\Src\stm32l0xx_hal_rtc.o
 .debug_loc     0x00006d95      0xe8c Drivers\STM32L0xx_HAL_Driver\Src\stm32l0xx_hal_rtc_ex.o
 .debug_loc     0x00007c21     0x1533 Drivers\STM32L0xx_HAL_Driver\Src\stm32l0xx_hal_uart.o
 .debug_loc     0x00009154      0x2fc Drivers\STM32L0xx_HAL_Driver\Src\stm32l0xx_hal_uart_ex.o
 .debug_loc     0x00009450      0x832 Src\encoder.o
 .debug_loc     0x00009c82      0x3d3 Src\gprs.o
 .debug_loc     0x0000a055     0x3f80 Src\lsm303ah_reg.o
 .debug_loc     0x0000dfd5      0x1aa Src\main.o
 .debug_loc     0x0000e17f      0x1a3 Src\stm32l0xx_hal_msp.o
 .debug_loc     0x0000e322      0x15b Src\system_stm32l0xx.o

.debug_aranges  0x00000000     0x1240
 .debug_aranges
                0x00000000       0xf0 Drivers\STM32L0xx_HAL_Driver\Src\stm32l0xx_hal.o
 .debug_aranges
                0x000000f0       0xd8 Drivers\STM32L0xx_HAL_Driver\Src\stm32l0xx_hal_adc.o
 .debug_aranges
                0x000001c8       0x90 Drivers\STM32L0xx_HAL_Driver\Src\stm32l0xx_hal_cortex.o
 .debug_aranges
                0x00000258       0x78 Drivers\STM32L0xx_HAL_Driver\Src\stm32l0xx_hal_dma.o
 .debug_aranges
                0x000002d0       0x58 Drivers\STM32L0xx_HAL_Driver\Src\stm32l0xx_hal_gpio.o
 .debug_aranges
                0x00000328      0x238 Drivers\STM32L0xx_HAL_Driver\Src\stm32l0xx_hal_i2c.o
 .debug_aranges
                0x00000560       0x48 Drivers\STM32L0xx_HAL_Driver\Src\stm32l0xx_hal_i2c_ex.o
 .debug_aranges
                0x000005a8       0x80 Drivers\STM32L0xx_HAL_Driver\Src\stm32l0xx_hal_rcc.o
 .debug_aranges
                0x00000628       0x98 Drivers\STM32L0xx_HAL_Driver\Src\stm32l0xx_hal_rcc_ex.o
 .debug_aranges
                0x000006c0       0xa8 Drivers\STM32L0xx_HAL_Driver\Src\stm32l0xx_hal_rtc.o
 .debug_aranges
                0x00000768      0x108 Drivers\STM32L0xx_HAL_Driver\Src\stm32l0xx_hal_rtc_ex.o
 .debug_aranges
                0x00000870      0x1a0 Drivers\STM32L0xx_HAL_Driver\Src\stm32l0xx_hal_uart.o
 .debug_aranges
                0x00000a10       0x58 Drivers\STM32L0xx_HAL_Driver\Src\stm32l0xx_hal_uart_ex.o
 .debug_aranges
                0x00000a68       0x80 Src\encoder.o
 .debug_aranges
                0x00000ae8       0x48 Src\gprs.o
 .debug_aranges
                0x00000b30      0x578 Src\lsm303ah_reg.o
 .debug_aranges
                0x000010a8       0x70 Src\main.o
 .debug_aranges
                0x00001118       0x60 Src\stm32l0xx_hal_msp.o
 .debug_aranges
                0x00001178       0x78 Src\stm32l0xx_it.o
 .debug_aranges
                0x000011f0       0x28 Src\system_stm32l0xx.o
 .debug_aranges
                0x00001218       0x28 startup\startup_stm32l072xx.o

.debug_ranges   0x00000000     0x1640
 .debug_ranges  0x00000000       0xe0 Drivers\STM32L0xx_HAL_Driver\Src\stm32l0xx_hal.o
 .debug_ranges  0x000000e0       0xc8 Drivers\STM32L0xx_HAL_Driver\Src\stm32l0xx_hal_adc.o
 .debug_ranges  0x000001a8      0x138 Drivers\STM32L0xx_HAL_Driver\Src\stm32l0xx_hal_cortex.o
 .debug_ranges  0x000002e0       0xa8 Drivers\STM32L0xx_HAL_Driver\Src\stm32l0xx_hal_dma.o
 .debug_ranges  0x00000388       0x48 Drivers\STM32L0xx_HAL_Driver\Src\stm32l0xx_hal_gpio.o
 .debug_ranges  0x000003d0      0x288 Drivers\STM32L0xx_HAL_Driver\Src\stm32l0xx_hal_i2c.o
 .debug_ranges  0x00000658       0x38 Drivers\STM32L0xx_HAL_Driver\Src\stm32l0xx_hal_i2c_ex.o
 .debug_ranges  0x00000690       0xd8 Drivers\STM32L0xx_HAL_Driver\Src\stm32l0xx_hal_rcc.o
 .debug_ranges  0x00000768       0xa8 Drivers\STM32L0xx_HAL_Driver\Src\stm32l0xx_hal_rcc_ex.o
 .debug_ranges  0x00000810       0x98 Drivers\STM32L0xx_HAL_Driver\Src\stm32l0xx_hal_rtc.o
 .debug_ranges  0x000008a8       0xf8 Drivers\STM32L0xx_HAL_Driver\Src\stm32l0xx_hal_rtc_ex.o
 .debug_ranges  0x000009a0      0x190 Drivers\STM32L0xx_HAL_Driver\Src\stm32l0xx_hal_uart.o
 .debug_ranges  0x00000b30       0x48 Drivers\STM32L0xx_HAL_Driver\Src\stm32l0xx_hal_uart_ex.o
 .debug_ranges  0x00000b78       0x88 Src\encoder.o
 .debug_ranges  0x00000c00       0xc0 Src\gprs.o
 .debug_ranges  0x00000cc0      0x628 Src\lsm303ah_reg.o
 .debug_ranges  0x000012e8      0x1a0 Src\main.o
 .debug_ranges  0x00001488      0x118 Src\stm32l0xx_hal_msp.o
 .debug_ranges  0x000015a0       0x68 Src\stm32l0xx_it.o
 .debug_ranges  0x00001608       0x18 Src\system_stm32l0xx.o
 .debug_ranges  0x00001620       0x20 startup\startup_stm32l072xx.o

.debug_line     0x00000000     0xa5d1
 .debug_line    0x00000000      0x4a8 Drivers\STM32L0xx_HAL_Driver\Src\stm32l0xx_hal.o
 .debug_line    0x000004a8      0xa5a Drivers\STM32L0xx_HAL_Driver\Src\stm32l0xx_hal_adc.o
 .debug_line    0x00000f02      0x4d0 Drivers\STM32L0xx_HAL_Driver\Src\stm32l0xx_hal_cortex.o
 .debug_line    0x000013d2      0x576 Drivers\STM32L0xx_HAL_Driver\Src\stm32l0xx_hal_dma.o
 .debug_line    0x00001948      0x553 Drivers\STM32L0xx_HAL_Driver\Src\stm32l0xx_hal_gpio.o
 .debug_line    0x00001e9b     0x1b3a Drivers\STM32L0xx_HAL_Driver\Src\stm32l0xx_hal_i2c.o
 .debug_line    0x000039d5      0x410 Drivers\STM32L0xx_HAL_Driver\Src\stm32l0xx_hal_i2c_ex.o
 .debug_line    0x00003de5      0x74a Drivers\STM32L0xx_HAL_Driver\Src\stm32l0xx_hal_rcc.o
 .debug_line    0x0000452f      0x625 Drivers\STM32L0xx_HAL_Driver\Src\stm32l0xx_hal_rcc_ex.o
 .debug_line    0x00004b54      0x95f Drivers\STM32L0xx_HAL_Driver\Src\stm32l0xx_hal_rtc.o
 .debug_line    0x000054b3      0xb0b Drivers\STM32L0xx_HAL_Driver\Src\stm32l0xx_hal_rtc_ex.o
 .debug_line    0x00005fbe      0xff5 Drivers\STM32L0xx_HAL_Driver\Src\stm32l0xx_hal_uart.o
 .debug_line    0x00006fb3      0x40c Drivers\STM32L0xx_HAL_Driver\Src\stm32l0xx_hal_uart_ex.o
 .debug_line    0x000073bf      0x5b1 Src\encoder.o
 .debug_line    0x00007970      0x49d Src\gprs.o
 .debug_line    0x00007e0d     0x13f5 Src\lsm303ah_reg.o
 .debug_line    0x00009202      0x6c8 Src\main.o
 .debug_line    0x000098ca      0x5b7 Src\stm32l0xx_hal_msp.o
 .debug_line    0x00009e81      0x49e Src\stm32l0xx_it.o
 .debug_line    0x0000a31f      0x22f Src\system_stm32l0xx.o
 .debug_line    0x0000a54e       0x83 startup\startup_stm32l072xx.o

.debug_str      0x00000000     0x6de5
 .debug_str     0x00000000      0x7d7 Drivers\STM32L0xx_HAL_Driver\Src\stm32l0xx_hal.o
                                0x829 (size before relaxing)
 .debug_str     0x000007d7      0x6e3 Drivers\STM32L0xx_HAL_Driver\Src\stm32l0xx_hal_adc.o
                                0x9d3 (size before relaxing)
 .debug_str     0x00000eba      0x2cb Drivers\STM32L0xx_HAL_Driver\Src\stm32l0xx_hal_cortex.o
                                0x7b0 (size before relaxing)
 .debug_str     0x00001185      0x248 Drivers\STM32L0xx_HAL_Driver\Src\stm32l0xx_hal_dma.o
                                0x6b0 (size before relaxing)
 .debug_str     0x000013cd      0x199 Drivers\STM32L0xx_HAL_Driver\Src\stm32l0xx_hal_gpio.o
                                0x4ca (size before relaxing)
 .debug_str     0x00001566      0xad0 Drivers\STM32L0xx_HAL_Driver\Src\stm32l0xx_hal_i2c.o
                                0xf98 (size before relaxing)
 .debug_str     0x00002036       0xf3 Drivers\STM32L0xx_HAL_Driver\Src\stm32l0xx_hal_i2c_ex.o
                                0x8a2 (size before relaxing)
 .debug_str     0x00002129      0x323 Drivers\STM32L0xx_HAL_Driver\Src\stm32l0xx_hal_rcc.o
                                0x732 (size before relaxing)
 .debug_str     0x0000244c      0x428 Drivers\STM32L0xx_HAL_Driver\Src\stm32l0xx_hal_rcc_ex.o
                                0x80f (size before relaxing)
 .debug_str     0x00002874      0x43f Drivers\STM32L0xx_HAL_Driver\Src\stm32l0xx_hal_rtc.o
                                0x72b (size before relaxing)
 .debug_str     0x00002cb3      0x561 Drivers\STM32L0xx_HAL_Driver\Src\stm32l0xx_hal_rtc_ex.o
                                0xa87 (size before relaxing)
 .debug_str     0x00003214      0x8a4 Drivers\STM32L0xx_HAL_Driver\Src\stm32l0xx_hal_uart.o
                                0xe76 (size before relaxing)
 .debug_str     0x00003ab8      0x185 Drivers\STM32L0xx_HAL_Driver\Src\stm32l0xx_hal_uart_ex.o
                                0x844 (size before relaxing)
 .debug_str     0x00003c3d      0x7e3 Src\encoder.o
                                0xe7a (size before relaxing)
 .debug_str     0x00004420       0xe3 Src\gprs.o
                                0xe74 (size before relaxing)
 .debug_str     0x00004503     0x25f1 Src\lsm303ah_reg.o
                               0x35cb (size before relaxing)
 .debug_str     0x00006af4      0x163 Src\main.o
                               0x1b40 (size before relaxing)
 .debug_str     0x00006c57       0x1b Src\stm32l0xx_hal_msp.o
                               0x16ea (size before relaxing)
 .debug_str     0x00006c72      0x125 Src\stm32l0xx_it.o
                               0x11d8 (size before relaxing)
 .debug_str     0x00006d97       0x4e Src\system_stm32l0xx.o
                                0x30e (size before relaxing)

.comment        0x00000000       0x7c
 .comment       0x00000000       0x7c Drivers\STM32L0xx_HAL_Driver\Src\stm32l0xx_hal.o
                                 0x7d (size before relaxing)
 .comment       0x0000007c       0x7d Drivers\STM32L0xx_HAL_Driver\Src\stm32l0xx_hal_adc.o
 .comment       0x0000007c       0x7d Drivers\STM32L0xx_HAL_Driver\Src\stm32l0xx_hal_cortex.o
 .comment       0x0000007c       0x7d Drivers\STM32L0xx_HAL_Driver\Src\stm32l0xx_hal_dma.o
 .comment       0x0000007c       0x7d Drivers\STM32L0xx_HAL_Driver\Src\stm32l0xx_hal_gpio.o
 .comment       0x0000007c       0x7d Drivers\STM32L0xx_HAL_Driver\Src\stm32l0xx_hal_i2c.o
 .comment       0x0000007c       0x7d Drivers\STM32L0xx_HAL_Driver\Src\stm32l0xx_hal_i2c_ex.o
 .comment       0x0000007c       0x7d Drivers\STM32L0xx_HAL_Driver\Src\stm32l0xx_hal_rcc.o
 .comment       0x0000007c       0x7d Drivers\STM32L0xx_HAL_Driver\Src\stm32l0xx_hal_rcc_ex.o
 .comment       0x0000007c       0x7d Drivers\STM32L0xx_HAL_Driver\Src\stm32l0xx_hal_rtc.o
 .comment       0x0000007c       0x7d Drivers\STM32L0xx_HAL_Driver\Src\stm32l0xx_hal_rtc_ex.o
 .comment       0x0000007c       0x7d Drivers\STM32L0xx_HAL_Driver\Src\stm32l0xx_hal_uart.o
 .comment       0x0000007c       0x7d Drivers\STM32L0xx_HAL_Driver\Src\stm32l0xx_hal_uart_ex.o
 .comment       0x0000007c       0x7d Src\encoder.o
 .comment       0x0000007c       0x7d Src\gprs.o
 .comment       0x0000007c       0x7d Src\lsm303ah_reg.o
 .comment       0x0000007c       0x7d Src\main.o
 .comment       0x0000007c       0x7d Src\stm32l0xx_hal_msp.o
 .comment       0x0000007c       0x7d Src\stm32l0xx_it.o
 .comment       0x0000007c       0x7d Src\system_stm32l0xx.o

.debug_frame    0x00000000     0x3c74
 .debug_frame   0x00000000      0x210 Drivers\STM32L0xx_HAL_Driver\Src\stm32l0xx_hal.o
 .debug_frame   0x00000210      0x2f8 Drivers\STM32L0xx_HAL_Driver\Src\stm32l0xx_hal_adc.o
 .debug_frame   0x00000508      0x138 Drivers\STM32L0xx_HAL_Driver\Src\stm32l0xx_hal_cortex.o
 .debug_frame   0x00000640      0x164 Drivers\STM32L0xx_HAL_Driver\Src\stm32l0xx_hal_dma.o
 .debug_frame   0x000007a4       0xf0 Drivers\STM32L0xx_HAL_Driver\Src\stm32l0xx_hal_gpio.o
 .debug_frame   0x00000894      0x864 Drivers\STM32L0xx_HAL_Driver\Src\stm32l0xx_hal_i2c.o
 .debug_frame   0x000010f8       0xb8 Drivers\STM32L0xx_HAL_Driver\Src\stm32l0xx_hal_i2c_ex.o
 .debug_frame   0x000011b0      0x150 Drivers\STM32L0xx_HAL_Driver\Src\stm32l0xx_hal_rcc.o
 .debug_frame   0x00001300      0x19c Drivers\STM32L0xx_HAL_Driver\Src\stm32l0xx_hal_rcc_ex.o
 .debug_frame   0x0000149c      0x240 Drivers\STM32L0xx_HAL_Driver\Src\stm32l0xx_hal_rtc.o
 .debug_frame   0x000016dc      0x3d0 Drivers\STM32L0xx_HAL_Driver\Src\stm32l0xx_hal_rtc_ex.o
 .debug_frame   0x00001aac      0x578 Drivers\STM32L0xx_HAL_Driver\Src\stm32l0xx_hal_uart.o
 .debug_frame   0x00002024       0xc0 Drivers\STM32L0xx_HAL_Driver\Src\stm32l0xx_hal_uart_ex.o
 .debug_frame   0x000020e4      0x184 Src\encoder.o
 .debug_frame   0x00002268       0xac Src\gprs.o
 .debug_frame   0x00002314     0x14a8 Src\lsm303ah_reg.o
 .debug_frame   0x000037bc      0x128 Src\main.o
 .debug_frame   0x000038e4       0xf4 Src\stm32l0xx_hal_msp.o
 .debug_frame   0x000039d8      0x150 Src\stm32l0xx_it.o
 .debug_frame   0x00003b28       0x3c Src\system_stm32l0xx.o
 .debug_frame   0x00003b64       0x2c c:/program files (x86)/atollic/truestudio for stm32 9.3.0/armtools/bin/../lib/gcc/arm-atollic-eabi/6.3.1/../../../../arm-atollic-eabi/lib/armv6-m\libc_nano.a(lib_a-init.o)
 .debug_frame   0x00003b90       0x20 c:/program files (x86)/atollic/truestudio for stm32 9.3.0/armtools/bin/../lib/gcc/arm-atollic-eabi/6.3.1/../../../../arm-atollic-eabi/lib/armv6-m\libc_nano.a(lib_a-memset.o)
 .debug_frame   0x00003bb0       0x28 c:/program files (x86)/atollic/truestudio for stm32 9.3.0/armtools/bin/../lib/gcc/arm-atollic-eabi/6.3.1/../../../../arm-atollic-eabi/lib/armv6-m\libc_nano.a(lib_a-strcat.o)
 .debug_frame   0x00003bd8       0x20 c:/program files (x86)/atollic/truestudio for stm32 9.3.0/armtools/bin/../lib/gcc/arm-atollic-eabi/6.3.1/../../../../arm-atollic-eabi/lib/armv6-m\libc_nano.a(lib_a-strcmp.o)
 .debug_frame   0x00003bf8       0x20 c:/program files (x86)/atollic/truestudio for stm32 9.3.0/armtools/bin/../lib/gcc/arm-atollic-eabi/6.3.1/../../../../arm-atollic-eabi/lib/armv6-m\libc_nano.a(lib_a-strcpy.o)
 .debug_frame   0x00003c18       0x20 c:/program files (x86)/atollic/truestudio for stm32 9.3.0/armtools/bin/../lib/gcc/arm-atollic-eabi/6.3.1/armv6-m\libgcc.a(_udivsi3.o)
 .debug_frame   0x00003c38       0x3c c:/program files (x86)/atollic/truestudio for stm32 9.3.0/armtools/bin/../lib/gcc/arm-atollic-eabi/6.3.1/armv6-m\libgcc.a(_udivmoddi4.o)
