lsm303ah_reg.c:32:9:platform_write	24	static
lsm303ah_reg.c:40:9:platform_read	24	static
lsm303ah_reg.c:225:9:lsm303ah_read_reg	8	static
lsm303ah_reg.c:242:9:lsm303ah_write_reg	8	static
lsm303ah_reg.c:1229:9:lsm303ah_xl_mem_bank_set.part.0	24	static
lsm303ah_reg.c:261:9:lsm303ah_from_fs2g_to_mg	8	static
lsm303ah_reg.c:265:9:lsm303ah_from_fs4g_to_mg	8	static
lsm303ah_reg.c:269:9:lsm303ah_from_fs8g_to_mg	8	static
lsm303ah_reg.c:273:9:lsm303ah_from_fs16g_to_mg	8	static
lsm303ah_reg.c:277:9:lsm303ah_from_lsb_to_mgauss	8	static
lsm303ah_reg.c:281:9:lsm303ah_from_lsb_to_celsius	8	static
lsm303ah_reg.c:306:9:lsm303ah_xl_all_sources_get	16	static
lsm303ah_reg.c:348:9:lsm303ah_xl_block_data_update_set	24	static
lsm303ah_reg.c:369:9:lsm303ah_xl_block_data_update_get	24	static
lsm303ah_reg.c:387:9:lsm303ah_mg_block_data_update_set	24	static
lsm303ah_reg.c:410:9:lsm303ah_mg_block_data_update_get	24	static
lsm303ah_reg.c:429:9:lsm303ah_mg_data_format_set	24	static
lsm303ah_reg.c:452:9:lsm303ah_mg_data_format_get	24	static
lsm303ah_reg.c:480:9:lsm303ah_xl_full_scale_set	24	static
lsm303ah_reg.c:501:9:lsm303ah_xl_full_scale_get	24	static
lsm303ah_reg.c:534:9:lsm303ah_xl_data_rate_set	24	static
lsm303ah_reg.c:556:9:lsm303ah_xl_data_rate_get	24	static
lsm303ah_reg.c:634:9:lsm303ah_xl_status_reg_get	8	static
lsm303ah_reg.c:648:9:lsm303ah_mg_status_get	8	static
lsm303ah_reg.c:662:9:lsm303ah_xl_flag_data_ready_get	24	static
lsm303ah_reg.c:680:9:lsm303ah_mg_data_ready_get	24	static
lsm303ah_reg.c:699:9:lsm303ah_mg_data_ovr_get	24	static
lsm303ah_reg.c:722:9:lsm303ah_mg_user_offset_set	8	static
lsm303ah_reg.c:740:9:lsm303ah_mg_user_offset_get	8	static
lsm303ah_reg.c:754:9:lsm303ah_mg_operating_mode_set	24	static
lsm303ah_reg.c:777:9:lsm303ah_mg_operating_mode_get	24	static
lsm303ah_reg.c:808:9:lsm303ah_mg_data_rate_set	24	static
lsm303ah_reg.c:831:9:lsm303ah_mg_data_rate_get	24	static
lsm303ah_reg.c:865:9:lsm303ah_mg_power_mode_set	24	static
lsm303ah_reg.c:888:9:lsm303ah_mg_power_mode_get	24	static
lsm303ah_reg.c:917:9:lsm303ah_mg_offset_temp_comp_set	24	static
lsm303ah_reg.c:940:9:lsm303ah_mg_offset_temp_comp_get	24	static
lsm303ah_reg.c:959:9:lsm303ah_mg_set_rst_mode_set	24	static
lsm303ah_reg.c:983:9:lsm303ah_mg_set_rst_mode_get	24	static
lsm303ah_reg.c:1018:9:lsm303ah_mg_set_rst_sensor_single_set	24	static
lsm303ah_reg.c:1044:9:lsm303ah_mg_set_rst_sensor_single_get	24	static
lsm303ah_reg.c:1075:9:lsm303ah_acceleration_module_raw_get	8	static
lsm303ah_reg.c:1090:9:lsm303ah_xl_temperature_raw_get	8	static
lsm303ah_reg.c:1105:9:lsm303ah_acceleration_raw_get	8	static
lsm303ah_reg.c:1119:9:lsm303ah_magnetic_raw_get	8	static
lsm303ah_reg.c:133:6:fn_get_lsm303ah	64	static
lsm303ah_reg.c:1133:9:lsm303ah_number_of_steps_get	8	static
lsm303ah_reg.c:1159:9:lsm303ah_xl_device_id_get	8	static
lsm303ah_reg.c:1173:9:lsm303ah_mg_device_id_get	8	static
lsm303ah_reg.c:1188:9:lsm303ah_xl_auto_increment_set	24	static
lsm303ah_reg.c:1210:9:lsm303ah_xl_auto_increment_get	24	static
lsm303ah_reg.c:1229:9:lsm303ah_xl_mem_bank_set	24	static
lsm303ah_reg.c:1262:9:lsm303ah_xl_reset_set	24	static
lsm303ah_reg.c:1283:9:lsm303ah_xl_reset_get	24	static
lsm303ah_reg.c:1301:9:lsm303ah_mg_reset_set	24	static
lsm303ah_reg.c:1324:9:lsm303ah_mg_reset_get	24	static
lsm303ah_reg.c:48:6:fn_init_lsm303ah	40	static
lsm303ah_reg.c:1343:9:lsm303ah_xl_boot_set	24	static
lsm303ah_reg.c:1364:9:lsm303ah_xl_boot_get	24	static
lsm303ah_reg.c:1382:9:lsm303ah_mg_boot_set	24	static
lsm303ah_reg.c:1405:9:lsm303ah_mg_boot_get	24	static
lsm303ah_reg.c:1424:9:lsm303ah_xl_self_test_set	24	static
lsm303ah_reg.c:1445:9:lsm303ah_xl_self_test_get	24	static
lsm303ah_reg.c:1475:9:lsm303ah_mg_self_test_set	24	static
lsm303ah_reg.c:1498:9:lsm303ah_mg_self_test_get	24	static
lsm303ah_reg.c:1517:9:lsm303ah_xl_data_ready_mode_set	24	static
lsm303ah_reg.c:1539:9:lsm303ah_xl_data_ready_mode_get	24	static
lsm303ah_reg.c:1581:9:lsm303ah_xl_hp_path_set	24	static
lsm303ah_reg.c:1602:9:lsm303ah_xl_hp_path_get	24	static
lsm303ah_reg.c:1629:9:lsm303ah_mg_low_pass_bandwidth_set	24	static
lsm303ah_reg.c:1653:9:lsm303ah_mg_low_pass_bandwidth_get	24	static
lsm303ah_reg.c:1695:9:lsm303ah_xl_spi_mode_set	24	static
lsm303ah_reg.c:1716:9:lsm303ah_xl_spi_mode_get	24	static
lsm303ah_reg.c:1743:9:lsm303ah_xl_i2c_interface_set	24	static
lsm303ah_reg.c:1765:9:lsm303ah_xl_i2c_interface_get	24	static
lsm303ah_reg.c:1793:9:lsm303ah_mg_i2c_interface_set	24	static
lsm303ah_reg.c:1817:9:lsm303ah_mg_i2c_interface_get	24	static
lsm303ah_reg.c:1846:9:lsm303ah_xl_cs_mode_set	24	static
lsm303ah_reg.c:1870:9:lsm303ah_xl_cs_mode_get	24	static
lsm303ah_reg.c:1912:9:lsm303ah_xl_pin_mode_set	24	static
lsm303ah_reg.c:1933:9:lsm303ah_xl_pin_mode_get	24	static
lsm303ah_reg.c:1960:9:lsm303ah_xl_pin_polarity_set	24	static
lsm303ah_reg.c:1982:9:lsm303ah_xl_pin_polarity_get	24	static
lsm303ah_reg.c:2010:9:lsm303ah_xl_int_notification_set	24	static
lsm303ah_reg.c:2032:9:lsm303ah_xl_int_notification_get	24	static
lsm303ah_reg.c:2060:9:lsm303ah_xl_pin_int1_route_set	32	static
lsm303ah_reg.c:2098:9:lsm303ah_xl_pin_int1_route_get	32	static
lsm303ah_reg.c:2131:9:lsm303ah_xl_pin_int2_route_set	24	static
lsm303ah_reg.c:2158:9:lsm303ah_xl_pin_int2_route_get	24	static
lsm303ah_reg.c:2182:9:lsm303ah_xl_all_on_int1_set	24	static
lsm303ah_reg.c:2203:9:lsm303ah_xl_all_on_int1_get	24	static
lsm303ah_reg.c:2221:9:lsm303ah_mg_drdy_on_pin_set	24	static
lsm303ah_reg.c:2244:9:lsm303ah_mg_drdy_on_pin_get	24	static
lsm303ah_reg.c:2263:9:lsm303ah_mg_int_on_pin_set	24	static
lsm303ah_reg.c:2286:9:lsm303ah_mg_int_on_pin_get	24	static
lsm303ah_reg.c:2305:9:lsm303ah_mg_int_gen_conf_set	8	static
lsm303ah_reg.c:2320:9:lsm303ah_mg_int_gen_conf_get	8	static
lsm303ah_reg.c:2335:9:lsm303ah_mg_int_gen_source_get	8	static
lsm303ah_reg.c:2352:9:lsm303ah_mg_int_gen_treshold_set	8	static
lsm303ah_reg.c:2368:9:lsm303ah_mg_int_gen_treshold_get	8	static
lsm303ah_reg.c:2408:9:lsm303ah_mg_offset_int_conf_set	24	static
lsm303ah_reg.c:2433:9:lsm303ah_mg_offset_int_conf_get	24	static
lsm303ah_reg.c:2462:9:lsm303ah_xl_wkup_threshold_set	24	static
lsm303ah_reg.c:2485:9:lsm303ah_xl_wkup_threshold_get	24	static
lsm303ah_reg.c:2504:9:lsm303ah_xl_wkup_dur_set	24	static
lsm303ah_reg.c:2527:9:lsm303ah_xl_wkup_dur_get	24	static
lsm303ah_reg.c:2558:9:lsm303ah_xl_sleep_mode_set	24	static
lsm303ah_reg.c:2581:9:lsm303ah_xl_sleep_mode_get	24	static
lsm303ah_reg.c:2600:9:lsm303ah_xl_act_sleep_dur_set	24	static
lsm303ah_reg.c:2623:9:lsm303ah_xl_act_sleep_dur_get	24	static
lsm303ah_reg.c:2655:9:lsm303ah_xl_tap_detection_on_z_set	24	static
lsm303ah_reg.c:2676:9:lsm303ah_xl_tap_detection_on_z_get	24	static
lsm303ah_reg.c:2694:9:lsm303ah_xl_tap_detection_on_y_set	24	static
lsm303ah_reg.c:2715:9:lsm303ah_xl_tap_detection_on_y_get	24	static
lsm303ah_reg.c:2733:9:lsm303ah_xl_tap_detection_on_x_set	24	static
lsm303ah_reg.c:2754:9:lsm303ah_xl_tap_detection_on_x_get	24	static
lsm303ah_reg.c:2772:9:lsm303ah_xl_tap_threshold_set	24	static
lsm303ah_reg.c:2795:9:lsm303ah_xl_tap_threshold_get	24	static
lsm303ah_reg.c:2818:9:lsm303ah_xl_tap_shock_set	24	static
lsm303ah_reg.c:2844:9:lsm303ah_xl_tap_shock_get	24	static
lsm303ah_reg.c:2866:9:lsm303ah_xl_tap_quiet_set	24	static
lsm303ah_reg.c:2892:9:lsm303ah_xl_tap_quiet_get	24	static
lsm303ah_reg.c:2914:9:lsm303ah_xl_tap_dur_set	24	static
lsm303ah_reg.c:2940:9:lsm303ah_xl_tap_dur_get	24	static
lsm303ah_reg.c:2958:9:lsm303ah_xl_tap_mode_set	24	static
lsm303ah_reg.c:2982:9:lsm303ah_xl_tap_mode_get	24	static
lsm303ah_reg.c:3011:9:lsm303ah_xl_tap_src_get	8	static
lsm303ah_reg.c:3038:9:lsm303ah_xl_6d_threshold_set	24	static
lsm303ah_reg.c:3062:9:lsm303ah_xl_6d_threshold_get	24	static
lsm303ah_reg.c:3097:9:lsm303ah_xl_4d_mode_set	24	static
lsm303ah_reg.c:3120:9:lsm303ah_xl_4d_mode_get	24	static
lsm303ah_reg.c:3139:9:lsm303ah_xl_6d_src_get	8	static
lsm303ah_reg.c:3166:9:lsm303ah_xl_ff_dur_set	24	static
lsm303ah_reg.c:3199:9:lsm303ah_xl_ff_dur_get	24	static
lsm303ah_reg.c:3223:9:lsm303ah_xl_ff_threshold_set	24	static
lsm303ah_reg.c:3246:9:lsm303ah_xl_ff_threshold_get	24	static
lsm303ah_reg.c:3278:9:lsm303ah_xl_fifo_xl_module_batch_set	24	static
lsm303ah_reg.c:3302:9:lsm303ah_xl_fifo_xl_module_batch_get	24	static
lsm303ah_reg.c:3321:9:lsm303ah_xl_fifo_mode_set	24	static
lsm303ah_reg.c:3344:9:lsm303ah_xl_fifo_mode_get	24	static
lsm303ah_reg.c:3381:9:lsm303ah_xl_fifo_watermark_set	16	static
lsm303ah_reg.c:3395:9:lsm303ah_xl_fifo_watermark_get	8	static
lsm303ah_reg.c:3409:9:lsm303ah_xl_fifo_full_flag_get	24	static
lsm303ah_reg.c:3428:9:lsm303ah_xl_fifo_ovr_flag_get	24	static
lsm303ah_reg.c:3447:9:lsm303ah_xl_fifo_wtm_flag_get	24	static
lsm303ah_reg.c:3466:9:lsm303ah_xl_fifo_data_level_get	32	static
lsm303ah_reg.c:3490:9:lsm303ah_xl_fifo_src_get	8	static
lsm303ah_reg.c:3516:9:lsm303ah_xl_pedo_threshold_set	24	static
lsm303ah_reg.c:3539:9:lsm303ah_xl_pedo_threshold_get	24	static
lsm303ah_reg.c:3558:9:lsm303ah_xl_pedo_full_scale_set	24	static
lsm303ah_reg.c:3582:9:lsm303ah_xl_pedo_full_scale_get	24	static
lsm303ah_reg.c:3611:9:lsm303ah_xl_pedo_step_reset_set	24	static
lsm303ah_reg.c:3634:9:lsm303ah_xl_pedo_step_reset_get	24	static
lsm303ah_reg.c:3653:9:lsm303ah_xl_pedo_step_detect_flag_get	24	static
lsm303ah_reg.c:3672:9:lsm303ah_xl_pedo_sens_set	24	static
lsm303ah_reg.c:3695:9:lsm303ah_xl_pedo_sens_get	24	static
lsm303ah_reg.c:3714:9:lsm303ah_xl_pedo_debounce_steps_set	24	static
lsm303ah_reg.c:3743:9:lsm303ah_xl_pedo_debounce_steps_get	24	static
lsm303ah_reg.c:3770:9:lsm303ah_xl_pedo_timeout_set	24	static
lsm303ah_reg.c:3801:9:lsm303ah_xl_pedo_timeout_get	24	static
lsm303ah_reg.c:3827:9:lsm303ah_xl_pedo_steps_period_set	16	static
lsm303ah_reg.c:3850:9:lsm303ah_xl_pedo_steps_period_get	16	static
lsm303ah_reg.c:3885:9:lsm303ah_xl_motion_data_ready_flag_get	24	static
lsm303ah_reg.c:3904:9:lsm303ah_xl_motion_sens_set	24	static
lsm303ah_reg.c:3927:9:lsm303ah_xl_motion_sens_get	24	static
lsm303ah_reg.c:3950:9:lsm303ah_xl_motion_threshold_set	24	static
lsm303ah_reg.c:3983:9:lsm303ah_xl_motion_threshold_get	24	static
lsm303ah_reg.c:4021:9:lsm303ah_xl_tilt_data_ready_flag_get	24	static
lsm303ah_reg.c:4040:9:lsm303ah_xl_tilt_sens_set	24	static
lsm303ah_reg.c:4063:9:lsm303ah_xl_tilt_sens_get	24	static
lsm303ah_reg.c:4095:9:lsm303ah_xl_module_sens_set	24	static
lsm303ah_reg.c:4118:9:lsm303ah_xl_module_sens_get	24	static
