sigfox.c:14:6:fn_init_sigfox	16	static
sigfox.c:43:6:fn_get_id_sigfox	32	static
sigfox.c:61:6:fn_get_pac_sigfox	32	static
sigfox.c:78:6:fn_at_sigfox	16	static
sigfox.c:94:6:fn_get_volt_sigfox	24	static
sigfox.c:110:6:fn_get_temperature_sigfox	24	static
sigfox.c:126:6:fn_info_sigfox	16	static
sigfox.c:162:6:fn_status_sigfox	8	static
sigfox.c:169:6:fn_reset_sigfox	16	static
sigfox.c:179:6:fn_send_report_frame_sigfox	56	static
sigfox.c:216:6:fn_send_start_frame_sigfox	56	static
sigfox.c:261:6:fn_send_daily_frame_sigfox	208	static
