stm32l0xx_it.c:77:6:NMI_Handler	0	static
stm32l0xx_it.c:90:6:HardFault_Handler	0	static
stm32l0xx_it.c:105:6:SVC_Handler	0	static
stm32l0xx_it.c:118:6:PendSV_Handler	0	static
stm32l0xx_it.c:131:6:SysTick_Handler	8	static
stm32l0xx_it.c:152:6:RTC_IRQHandler	8	static
stm32l0xx_it.c:166:6:RCC_CRS_IRQHandler	0	static
stm32l0xx_it.c:179:6:EXTI0_1_IRQHandler	8	static
stm32l0xx_it.c:194:6:EXTI4_15_IRQHandler	8	static
stm32l0xx_it.c:209:6:DMA1_Channel1_IRQHandler	8	static
stm32l0xx_it.c:223:6:ADC1_COMP_IRQHandler	8	static
stm32l0xx_it.c:237:6:USART4_5_IRQHandler	8	static
stm32l0xx_it.c:252:6:USART1_IRQHandler	8	static
stm32l0xx_it.c:266:6:USART2_IRQHandler	8	static
stm32l0xx_it.c:280:6:RNG_LPUART1_IRQHandler	8	static
